#-----------------------------------------------------------
# Vivado v2019.2 (64-bit)
# SW Build 2708876 on Wed Nov  6 21:40:23 MST 2019
# IP Build 2700528 on Thu Nov  7 00:09:20 MST 2019
# Start of session at: Mon Dec 30 16:31:44 2024
# Process ID: 40540
# Current directory: D:/ComputerScience/hitcs/hitcs/computer_architecture/labs/lab1
# Command line: vivado.exe -gui_launcher_event rodinguilauncherevent15176 D:\ComputerScience\hitcs\hitcs\computer_architecture\labs\lab1\lab1.xpr
# Log file: D:/ComputerScience/hitcs/hitcs/computer_architecture/labs/lab1/vivado.log
# Journal file: D:/ComputerScience/hitcs/hitcs/computer_architecture/labs/lab1\vivado.jou
#-----------------------------------------------------------
start_gui
open_project D:/ComputerScience/hitcs/hitcs/computer_architecture/labs/lab1/lab1.xpr
update_compile_order -fileset sources_1
launch_simulation
launch_simulation
open_wave_config D:/ComputerScience/hitcs/hitcs/computer_architecture/labs/lab1/lab1.srcs/sim_1/imports/lab4/tb_behav.wcfg
source tb.tcl
run 1 ms
relaunch_sim
run 1 ms
update_compile_order -fileset sources_1
relaunch_sim
update_compile_order -fileset sources_1
relaunch_sim
run 1 ms
update_compile_order -fileset sources_1
relaunch_sim
update_compile_order -fileset sources_1
relaunch_sim
run 1 ms
relaunch_sim
run 1 ms
relaunch_sim
run 1 ms
relaunch_sim
run 1 ms
relaunch_sim
relaunch_sim
run 1 ms
relaunch_sim
